Archive member included to satisfy reference by file (symbol)

c:/sysgcc/risc-v/bin/../lib/gcc/riscv64-unknown-elf/10.1.0/rv32im/ilp32\libgcc.a(_divdi3.o)
                              core_portme.o (__divdi3)
c:/sysgcc/risc-v/bin/../lib/gcc/riscv64-unknown-elf/10.1.0/rv32im/ilp32\libgcc.a(_moddi3.o)
                              core_portme.o (__moddi3)
c:/sysgcc/risc-v/bin/../lib/gcc/riscv64-unknown-elf/10.1.0/rv32im/ilp32\libgcc.a(_udivdi3.o)
                              core_portme.o (__udivdi3)
c:/sysgcc/risc-v/bin/../lib/gcc/riscv64-unknown-elf/10.1.0/rv32im/ilp32\libgcc.a(_umoddi3.o)
                              core_portme.o (__umoddi3)
c:/sysgcc/risc-v/bin/../lib/gcc/riscv64-unknown-elf/10.1.0/rv32im/ilp32\libgcc.a(adddf3.o)
                              core_portme.o (__adddf3)
c:/sysgcc/risc-v/bin/../lib/gcc/riscv64-unknown-elf/10.1.0/rv32im/ilp32\libgcc.a(divdf3.o)
                              core_portme.o (__divdf3)
c:/sysgcc/risc-v/bin/../lib/gcc/riscv64-unknown-elf/10.1.0/rv32im/ilp32\libgcc.a(ledf2.o)
                              core_portme.o (__ltdf2)
c:/sysgcc/risc-v/bin/../lib/gcc/riscv64-unknown-elf/10.1.0/rv32im/ilp32\libgcc.a(muldf3.o)
                              core_portme.o (__muldf3)
c:/sysgcc/risc-v/bin/../lib/gcc/riscv64-unknown-elf/10.1.0/rv32im/ilp32\libgcc.a(subdf3.o)
                              core_portme.o (__subdf3)
c:/sysgcc/risc-v/bin/../lib/gcc/riscv64-unknown-elf/10.1.0/rv32im/ilp32\libgcc.a(fixdfsi.o)
                              core_portme.o (__fixdfsi)
c:/sysgcc/risc-v/bin/../lib/gcc/riscv64-unknown-elf/10.1.0/rv32im/ilp32\libgcc.a(fixunsdfsi.o)
                              core_portme.o (__fixunsdfsi)
c:/sysgcc/risc-v/bin/../lib/gcc/riscv64-unknown-elf/10.1.0/rv32im/ilp32\libgcc.a(floatsidf.o)
                              core_portme.o (__floatsidf)
c:/sysgcc/risc-v/bin/../lib/gcc/riscv64-unknown-elf/10.1.0/rv32im/ilp32\libgcc.a(floatunsidf.o)
                              core_portme.o (__floatunsidf)
c:/sysgcc/risc-v/bin/../lib/gcc/riscv64-unknown-elf/10.1.0/rv32im/ilp32\libgcc.a(_clz.o)
                              c:/sysgcc/risc-v/bin/../lib/gcc/riscv64-unknown-elf/10.1.0/rv32im/ilp32\libgcc.a(_divdi3.o) (__clz_tab)
c:/sysgcc/risc-v/bin/../lib/gcc/riscv64-unknown-elf/10.1.0/rv32im/ilp32\libgcc.a(_clzsi2.o)
                              c:/sysgcc/risc-v/bin/../lib/gcc/riscv64-unknown-elf/10.1.0/rv32im/ilp32\libgcc.a(adddf3.o) (__clzsi2)

Discarded input sections

 .text          0x0000000000000000        0x0 coremark/core_list_join.o
 .data          0x0000000000000000        0x0 coremark/core_list_join.o
 .bss           0x0000000000000000        0x0 coremark/core_list_join.o
 .text.copy_info
                0x0000000000000000       0x14 coremark/core_list_join.o
 .text.core_list_insert_new
                0x0000000000000000       0x60 coremark/core_list_join.o
 .text.core_list_remove
                0x0000000000000000       0x28 coremark/core_list_join.o
 .text.core_list_undo_remove
                0x0000000000000000       0x20 coremark/core_list_join.o
 .text.core_list_find
                0x0000000000000000       0x58 coremark/core_list_join.o
 .text.core_list_reverse
                0x0000000000000000       0x24 coremark/core_list_join.o
 .comment       0x0000000000000000       0x13 coremark/core_list_join.o
 .riscv.attributes
                0x0000000000000000       0x21 coremark/core_list_join.o
 .text          0x0000000000000000        0x0 coremark/core_main.o
 .data          0x0000000000000000        0x0 coremark/core_main.o
 .bss           0x0000000000000000        0x0 coremark/core_main.o
 .rodata.str1.4
                0x0000000000000000       0x16 coremark/core_main.o
 .data.mem_name
                0x0000000000000000        0xc coremark/core_main.o
 .comment       0x0000000000000000       0x13 coremark/core_main.o
 .riscv.attributes
                0x0000000000000000       0x21 coremark/core_main.o
 .text          0x0000000000000000        0x0 coremark/core_matrix.o
 .data          0x0000000000000000        0x0 coremark/core_matrix.o
 .bss           0x0000000000000000        0x0 coremark/core_matrix.o
 .text.matrix_sum
                0x0000000000000000       0x98 coremark/core_matrix.o
 .text.matrix_mul_const
                0x0000000000000000       0x5c coremark/core_matrix.o
 .text.matrix_add_const
                0x0000000000000000       0x50 coremark/core_matrix.o
 .comment       0x0000000000000000       0x13 coremark/core_matrix.o
 .riscv.attributes
                0x0000000000000000       0x21 coremark/core_matrix.o
 .text          0x0000000000000000        0x0 coremark/core_state.o
 .data          0x0000000000000000        0x0 coremark/core_state.o
 .bss           0x0000000000000000        0x0 coremark/core_state.o
 .comment       0x0000000000000000       0x13 coremark/core_state.o
 .riscv.attributes
                0x0000000000000000       0x21 coremark/core_state.o
 .text          0x0000000000000000        0x0 coremark/core_util.o
 .data          0x0000000000000000        0x0 coremark/core_util.o
 .bss           0x0000000000000000        0x0 coremark/core_util.o
 .text.crcu8    0x0000000000000000       0x44 coremark/core_util.o
 .comment       0x0000000000000000       0x13 coremark/core_util.o
 .riscv.attributes
                0x0000000000000000       0x21 coremark/core_util.o
 .text          0x0000000000000000        0x0 core_portme.o
 .data          0x0000000000000000        0x0 core_portme.o
 .bss           0x0000000000000000        0x0 core_portme.o
 .text.time_in_secs
                0x0000000000000000       0x30 core_portme.o
 .text.portable_malloc
                0x0000000000000000        0x8 core_portme.o
 .text.portable_free
                0x0000000000000000        0x4 core_portme.o
 .text.memcpy   0x0000000000000000       0x24 core_portme.o
 .text.memset   0x0000000000000000       0x20 core_portme.o
 .text.memmove  0x0000000000000000       0x50 core_portme.o
 .text.strcmp   0x0000000000000000       0x3c core_portme.o
 .text.strlen   0x0000000000000000       0x28 core_portme.o
 .text.abort    0x0000000000000000       0x24 core_portme.o
 .text.exit     0x0000000000000000       0x24 core_portme.o
 .sbss.memblock_volatile
                0x0000000000000000        0x4 core_portme.o
 .comment       0x0000000000000000       0x13 core_portme.o
 .riscv.attributes
                0x0000000000000000       0x21 core_portme.o
 .text          0x0000000000000000        0x0 crt0.o
 .data          0x0000000000000000        0x0 crt0.o
 .bss           0x0000000000000000        0x0 crt0.o
 .riscv.attributes
                0x0000000000000000       0x1f crt0.o
 .text          0x0000000000000000      0x480 c:/sysgcc/risc-v/bin/../lib/gcc/riscv64-unknown-elf/10.1.0/rv32im/ilp32\libgcc.a(_divdi3.o)
 .data          0x0000000000000000        0x0 c:/sysgcc/risc-v/bin/../lib/gcc/riscv64-unknown-elf/10.1.0/rv32im/ilp32\libgcc.a(_divdi3.o)
 .bss           0x0000000000000000        0x0 c:/sysgcc/risc-v/bin/../lib/gcc/riscv64-unknown-elf/10.1.0/rv32im/ilp32\libgcc.a(_divdi3.o)
 .debug_info    0x0000000000000000      0x7e8 c:/sysgcc/risc-v/bin/../lib/gcc/riscv64-unknown-elf/10.1.0/rv32im/ilp32\libgcc.a(_divdi3.o)
 .debug_abbrev  0x0000000000000000      0x1b5 c:/sysgcc/risc-v/bin/../lib/gcc/riscv64-unknown-elf/10.1.0/rv32im/ilp32\libgcc.a(_divdi3.o)
 .debug_loc     0x0000000000000000      0x9fa c:/sysgcc/risc-v/bin/../lib/gcc/riscv64-unknown-elf/10.1.0/rv32im/ilp32\libgcc.a(_divdi3.o)
 .debug_aranges
                0x0000000000000000       0x20 c:/sysgcc/risc-v/bin/../lib/gcc/riscv64-unknown-elf/10.1.0/rv32im/ilp32\libgcc.a(_divdi3.o)
 .debug_ranges  0x0000000000000000       0xf8 c:/sysgcc/risc-v/bin/../lib/gcc/riscv64-unknown-elf/10.1.0/rv32im/ilp32\libgcc.a(_divdi3.o)
 .debug_line    0x0000000000000000      0x81b c:/sysgcc/risc-v/bin/../lib/gcc/riscv64-unknown-elf/10.1.0/rv32im/ilp32\libgcc.a(_divdi3.o)
 .debug_str     0x0000000000000000      0x2e5 c:/sysgcc/risc-v/bin/../lib/gcc/riscv64-unknown-elf/10.1.0/rv32im/ilp32\libgcc.a(_divdi3.o)
 .comment       0x0000000000000000       0x13 c:/sysgcc/risc-v/bin/../lib/gcc/riscv64-unknown-elf/10.1.0/rv32im/ilp32\libgcc.a(_divdi3.o)
 .eh_frame      0x0000000000000000       0x28 c:/sysgcc/risc-v/bin/../lib/gcc/riscv64-unknown-elf/10.1.0/rv32im/ilp32\libgcc.a(_divdi3.o)
 .riscv.attributes
                0x0000000000000000       0x21 c:/sysgcc/risc-v/bin/../lib/gcc/riscv64-unknown-elf/10.1.0/rv32im/ilp32\libgcc.a(_divdi3.o)
 .text          0x0000000000000000      0x450 c:/sysgcc/risc-v/bin/../lib/gcc/riscv64-unknown-elf/10.1.0/rv32im/ilp32\libgcc.a(_moddi3.o)
 .data          0x0000000000000000        0x0 c:/sysgcc/risc-v/bin/../lib/gcc/riscv64-unknown-elf/10.1.0/rv32im/ilp32\libgcc.a(_moddi3.o)
 .bss           0x0000000000000000        0x0 c:/sysgcc/risc-v/bin/../lib/gcc/riscv64-unknown-elf/10.1.0/rv32im/ilp32\libgcc.a(_moddi3.o)
 .debug_info    0x0000000000000000      0x837 c:/sysgcc/risc-v/bin/../lib/gcc/riscv64-unknown-elf/10.1.0/rv32im/ilp32\libgcc.a(_moddi3.o)
 .debug_abbrev  0x0000000000000000      0x1c0 c:/sysgcc/risc-v/bin/../lib/gcc/riscv64-unknown-elf/10.1.0/rv32im/ilp32\libgcc.a(_moddi3.o)
 .debug_loc     0x0000000000000000      0x867 c:/sysgcc/risc-v/bin/../lib/gcc/riscv64-unknown-elf/10.1.0/rv32im/ilp32\libgcc.a(_moddi3.o)
 .debug_aranges
                0x0000000000000000       0x20 c:/sysgcc/risc-v/bin/../lib/gcc/riscv64-unknown-elf/10.1.0/rv32im/ilp32\libgcc.a(_moddi3.o)
 .debug_ranges  0x0000000000000000       0xc8 c:/sysgcc/risc-v/bin/../lib/gcc/riscv64-unknown-elf/10.1.0/rv32im/ilp32\libgcc.a(_moddi3.o)
 .debug_line    0x0000000000000000      0x89d c:/sysgcc/risc-v/bin/../lib/gcc/riscv64-unknown-elf/10.1.0/rv32im/ilp32\libgcc.a(_moddi3.o)
 .debug_str     0x0000000000000000      0x2e5 c:/sysgcc/risc-v/bin/../lib/gcc/riscv64-unknown-elf/10.1.0/rv32im/ilp32\libgcc.a(_moddi3.o)
 .comment       0x0000000000000000       0x13 c:/sysgcc/risc-v/bin/../lib/gcc/riscv64-unknown-elf/10.1.0/rv32im/ilp32\libgcc.a(_moddi3.o)
 .eh_frame      0x0000000000000000       0x28 c:/sysgcc/risc-v/bin/../lib/gcc/riscv64-unknown-elf/10.1.0/rv32im/ilp32\libgcc.a(_moddi3.o)
 .riscv.attributes
                0x0000000000000000       0x21 c:/sysgcc/risc-v/bin/../lib/gcc/riscv64-unknown-elf/10.1.0/rv32im/ilp32\libgcc.a(_moddi3.o)
 .data          0x0000000000000000        0x0 c:/sysgcc/risc-v/bin/../lib/gcc/riscv64-unknown-elf/10.1.0/rv32im/ilp32\libgcc.a(_udivdi3.o)
 .bss           0x0000000000000000        0x0 c:/sysgcc/risc-v/bin/../lib/gcc/riscv64-unknown-elf/10.1.0/rv32im/ilp32\libgcc.a(_udivdi3.o)
 .comment       0x0000000000000000       0x13 c:/sysgcc/risc-v/bin/../lib/gcc/riscv64-unknown-elf/10.1.0/rv32im/ilp32\libgcc.a(_udivdi3.o)
 .eh_frame      0x0000000000000000       0x28 c:/sysgcc/risc-v/bin/../lib/gcc/riscv64-unknown-elf/10.1.0/rv32im/ilp32\libgcc.a(_udivdi3.o)
 .riscv.attributes
                0x0000000000000000       0x21 c:/sysgcc/risc-v/bin/../lib/gcc/riscv64-unknown-elf/10.1.0/rv32im/ilp32\libgcc.a(_udivdi3.o)
 .data          0x0000000000000000        0x0 c:/sysgcc/risc-v/bin/../lib/gcc/riscv64-unknown-elf/10.1.0/rv32im/ilp32\libgcc.a(_umoddi3.o)
 .bss           0x0000000000000000        0x0 c:/sysgcc/risc-v/bin/../lib/gcc/riscv64-unknown-elf/10.1.0/rv32im/ilp32\libgcc.a(_umoddi3.o)
 .comment       0x0000000000000000       0x13 c:/sysgcc/risc-v/bin/../lib/gcc/riscv64-unknown-elf/10.1.0/rv32im/ilp32\libgcc.a(_umoddi3.o)
 .eh_frame      0x0000000000000000       0x28 c:/sysgcc/risc-v/bin/../lib/gcc/riscv64-unknown-elf/10.1.0/rv32im/ilp32\libgcc.a(_umoddi3.o)
 .riscv.attributes
                0x0000000000000000       0x21 c:/sysgcc/risc-v/bin/../lib/gcc/riscv64-unknown-elf/10.1.0/rv32im/ilp32\libgcc.a(_umoddi3.o)
 .data          0x0000000000000000        0x0 c:/sysgcc/risc-v/bin/../lib/gcc/riscv64-unknown-elf/10.1.0/rv32im/ilp32\libgcc.a(adddf3.o)
 .bss           0x0000000000000000        0x0 c:/sysgcc/risc-v/bin/../lib/gcc/riscv64-unknown-elf/10.1.0/rv32im/ilp32\libgcc.a(adddf3.o)
 .comment       0x0000000000000000       0x13 c:/sysgcc/risc-v/bin/../lib/gcc/riscv64-unknown-elf/10.1.0/rv32im/ilp32\libgcc.a(adddf3.o)
 .riscv.attributes
                0x0000000000000000       0x21 c:/sysgcc/risc-v/bin/../lib/gcc/riscv64-unknown-elf/10.1.0/rv32im/ilp32\libgcc.a(adddf3.o)
 .text          0x0000000000000000      0x6f0 c:/sysgcc/risc-v/bin/../lib/gcc/riscv64-unknown-elf/10.1.0/rv32im/ilp32\libgcc.a(divdf3.o)
 .data          0x0000000000000000        0x0 c:/sysgcc/risc-v/bin/../lib/gcc/riscv64-unknown-elf/10.1.0/rv32im/ilp32\libgcc.a(divdf3.o)
 .bss           0x0000000000000000        0x0 c:/sysgcc/risc-v/bin/../lib/gcc/riscv64-unknown-elf/10.1.0/rv32im/ilp32\libgcc.a(divdf3.o)
 .rodata        0x0000000000000000       0x3c c:/sysgcc/risc-v/bin/../lib/gcc/riscv64-unknown-elf/10.1.0/rv32im/ilp32\libgcc.a(divdf3.o)
 .debug_info    0x0000000000000000      0x72a c:/sysgcc/risc-v/bin/../lib/gcc/riscv64-unknown-elf/10.1.0/rv32im/ilp32\libgcc.a(divdf3.o)
 .debug_abbrev  0x0000000000000000      0x173 c:/sysgcc/risc-v/bin/../lib/gcc/riscv64-unknown-elf/10.1.0/rv32im/ilp32\libgcc.a(divdf3.o)
 .debug_loc     0x0000000000000000     0x1494 c:/sysgcc/risc-v/bin/../lib/gcc/riscv64-unknown-elf/10.1.0/rv32im/ilp32\libgcc.a(divdf3.o)
 .debug_aranges
                0x0000000000000000       0x20 c:/sysgcc/risc-v/bin/../lib/gcc/riscv64-unknown-elf/10.1.0/rv32im/ilp32\libgcc.a(divdf3.o)
 .debug_ranges  0x0000000000000000      0x198 c:/sysgcc/risc-v/bin/../lib/gcc/riscv64-unknown-elf/10.1.0/rv32im/ilp32\libgcc.a(divdf3.o)
 .debug_line    0x0000000000000000      0xf7f c:/sysgcc/risc-v/bin/../lib/gcc/riscv64-unknown-elf/10.1.0/rv32im/ilp32\libgcc.a(divdf3.o)
 .debug_str     0x0000000000000000      0x403 c:/sysgcc/risc-v/bin/../lib/gcc/riscv64-unknown-elf/10.1.0/rv32im/ilp32\libgcc.a(divdf3.o)
 .comment       0x0000000000000000       0x13 c:/sysgcc/risc-v/bin/../lib/gcc/riscv64-unknown-elf/10.1.0/rv32im/ilp32\libgcc.a(divdf3.o)
 .debug_frame   0x0000000000000000       0x58 c:/sysgcc/risc-v/bin/../lib/gcc/riscv64-unknown-elf/10.1.0/rv32im/ilp32\libgcc.a(divdf3.o)
 .riscv.attributes
                0x0000000000000000       0x21 c:/sysgcc/risc-v/bin/../lib/gcc/riscv64-unknown-elf/10.1.0/rv32im/ilp32\libgcc.a(divdf3.o)
 .data          0x0000000000000000        0x0 c:/sysgcc/risc-v/bin/../lib/gcc/riscv64-unknown-elf/10.1.0/rv32im/ilp32\libgcc.a(ledf2.o)
 .bss           0x0000000000000000        0x0 c:/sysgcc/risc-v/bin/../lib/gcc/riscv64-unknown-elf/10.1.0/rv32im/ilp32\libgcc.a(ledf2.o)
 .comment       0x0000000000000000       0x13 c:/sysgcc/risc-v/bin/../lib/gcc/riscv64-unknown-elf/10.1.0/rv32im/ilp32\libgcc.a(ledf2.o)
 .riscv.attributes
                0x0000000000000000       0x21 c:/sysgcc/risc-v/bin/../lib/gcc/riscv64-unknown-elf/10.1.0/rv32im/ilp32\libgcc.a(ledf2.o)
 .data          0x0000000000000000        0x0 c:/sysgcc/risc-v/bin/../lib/gcc/riscv64-unknown-elf/10.1.0/rv32im/ilp32\libgcc.a(muldf3.o)
 .bss           0x0000000000000000        0x0 c:/sysgcc/risc-v/bin/../lib/gcc/riscv64-unknown-elf/10.1.0/rv32im/ilp32\libgcc.a(muldf3.o)
 .comment       0x0000000000000000       0x13 c:/sysgcc/risc-v/bin/../lib/gcc/riscv64-unknown-elf/10.1.0/rv32im/ilp32\libgcc.a(muldf3.o)
 .riscv.attributes
                0x0000000000000000       0x21 c:/sysgcc/risc-v/bin/../lib/gcc/riscv64-unknown-elf/10.1.0/rv32im/ilp32\libgcc.a(muldf3.o)
 .data          0x0000000000000000        0x0 c:/sysgcc/risc-v/bin/../lib/gcc/riscv64-unknown-elf/10.1.0/rv32im/ilp32\libgcc.a(subdf3.o)
 .bss           0x0000000000000000        0x0 c:/sysgcc/risc-v/bin/../lib/gcc/riscv64-unknown-elf/10.1.0/rv32im/ilp32\libgcc.a(subdf3.o)
 .comment       0x0000000000000000       0x13 c:/sysgcc/risc-v/bin/../lib/gcc/riscv64-unknown-elf/10.1.0/rv32im/ilp32\libgcc.a(subdf3.o)
 .riscv.attributes
                0x0000000000000000       0x21 c:/sysgcc/risc-v/bin/../lib/gcc/riscv64-unknown-elf/10.1.0/rv32im/ilp32\libgcc.a(subdf3.o)
 .data          0x0000000000000000        0x0 c:/sysgcc/risc-v/bin/../lib/gcc/riscv64-unknown-elf/10.1.0/rv32im/ilp32\libgcc.a(fixdfsi.o)
 .bss           0x0000000000000000        0x0 c:/sysgcc/risc-v/bin/../lib/gcc/riscv64-unknown-elf/10.1.0/rv32im/ilp32\libgcc.a(fixdfsi.o)
 .comment       0x0000000000000000       0x13 c:/sysgcc/risc-v/bin/../lib/gcc/riscv64-unknown-elf/10.1.0/rv32im/ilp32\libgcc.a(fixdfsi.o)
 .riscv.attributes
                0x0000000000000000       0x21 c:/sysgcc/risc-v/bin/../lib/gcc/riscv64-unknown-elf/10.1.0/rv32im/ilp32\libgcc.a(fixdfsi.o)
 .data          0x0000000000000000        0x0 c:/sysgcc/risc-v/bin/../lib/gcc/riscv64-unknown-elf/10.1.0/rv32im/ilp32\libgcc.a(fixunsdfsi.o)
 .bss           0x0000000000000000        0x0 c:/sysgcc/risc-v/bin/../lib/gcc/riscv64-unknown-elf/10.1.0/rv32im/ilp32\libgcc.a(fixunsdfsi.o)
 .comment       0x0000000000000000       0x13 c:/sysgcc/risc-v/bin/../lib/gcc/riscv64-unknown-elf/10.1.0/rv32im/ilp32\libgcc.a(fixunsdfsi.o)
 .riscv.attributes
                0x0000000000000000       0x21 c:/sysgcc/risc-v/bin/../lib/gcc/riscv64-unknown-elf/10.1.0/rv32im/ilp32\libgcc.a(fixunsdfsi.o)
 .data          0x0000000000000000        0x0 c:/sysgcc/risc-v/bin/../lib/gcc/riscv64-unknown-elf/10.1.0/rv32im/ilp32\libgcc.a(floatsidf.o)
 .bss           0x0000000000000000        0x0 c:/sysgcc/risc-v/bin/../lib/gcc/riscv64-unknown-elf/10.1.0/rv32im/ilp32\libgcc.a(floatsidf.o)
 .comment       0x0000000000000000       0x13 c:/sysgcc/risc-v/bin/../lib/gcc/riscv64-unknown-elf/10.1.0/rv32im/ilp32\libgcc.a(floatsidf.o)
 .riscv.attributes
                0x0000000000000000       0x21 c:/sysgcc/risc-v/bin/../lib/gcc/riscv64-unknown-elf/10.1.0/rv32im/ilp32\libgcc.a(floatsidf.o)
 .data          0x0000000000000000        0x0 c:/sysgcc/risc-v/bin/../lib/gcc/riscv64-unknown-elf/10.1.0/rv32im/ilp32\libgcc.a(floatunsidf.o)
 .bss           0x0000000000000000        0x0 c:/sysgcc/risc-v/bin/../lib/gcc/riscv64-unknown-elf/10.1.0/rv32im/ilp32\libgcc.a(floatunsidf.o)
 .comment       0x0000000000000000       0x13 c:/sysgcc/risc-v/bin/../lib/gcc/riscv64-unknown-elf/10.1.0/rv32im/ilp32\libgcc.a(floatunsidf.o)
 .riscv.attributes
                0x0000000000000000       0x21 c:/sysgcc/risc-v/bin/../lib/gcc/riscv64-unknown-elf/10.1.0/rv32im/ilp32\libgcc.a(floatunsidf.o)
 .text          0x0000000000000000        0x0 c:/sysgcc/risc-v/bin/../lib/gcc/riscv64-unknown-elf/10.1.0/rv32im/ilp32\libgcc.a(_clz.o)
 .data          0x0000000000000000        0x0 c:/sysgcc/risc-v/bin/../lib/gcc/riscv64-unknown-elf/10.1.0/rv32im/ilp32\libgcc.a(_clz.o)
 .bss           0x0000000000000000        0x0 c:/sysgcc/risc-v/bin/../lib/gcc/riscv64-unknown-elf/10.1.0/rv32im/ilp32\libgcc.a(_clz.o)
 .comment       0x0000000000000000       0x13 c:/sysgcc/risc-v/bin/../lib/gcc/riscv64-unknown-elf/10.1.0/rv32im/ilp32\libgcc.a(_clz.o)
 .riscv.attributes
                0x0000000000000000       0x21 c:/sysgcc/risc-v/bin/../lib/gcc/riscv64-unknown-elf/10.1.0/rv32im/ilp32\libgcc.a(_clz.o)
 .data          0x0000000000000000        0x0 c:/sysgcc/risc-v/bin/../lib/gcc/riscv64-unknown-elf/10.1.0/rv32im/ilp32\libgcc.a(_clzsi2.o)
 .bss           0x0000000000000000        0x0 c:/sysgcc/risc-v/bin/../lib/gcc/riscv64-unknown-elf/10.1.0/rv32im/ilp32\libgcc.a(_clzsi2.o)
 .comment       0x0000000000000000       0x13 c:/sysgcc/risc-v/bin/../lib/gcc/riscv64-unknown-elf/10.1.0/rv32im/ilp32\libgcc.a(_clzsi2.o)
 .riscv.attributes
                0x0000000000000000       0x21 c:/sysgcc/risc-v/bin/../lib/gcc/riscv64-unknown-elf/10.1.0/rv32im/ilp32\libgcc.a(_clzsi2.o)

Memory Configuration

Name             Origin             Length             Attributes
IMEM             0x0000000000000000 0x0000000000008000 xr
DMEM             0x0000000000010000 0x0000000000008000 xrw
*default*        0x0000000000000000 0xffffffffffffffff

Linker script and memory map

LOAD coremark/core_list_join.o
LOAD coremark/core_main.o
LOAD coremark/core_matrix.o
LOAD coremark/core_state.o
LOAD coremark/core_util.o
LOAD core_portme.o
LOAD crt0.o
LOAD c:/sysgcc/risc-v/bin/../lib/gcc/riscv64-unknown-elf/10.1.0/rv32im/ilp32\libgcc.a

.text           0x0000000000000000     0x5a98
 *(.text.start)
 .text.start    0x0000000000000000       0x74 crt0.o
                0x0000000000000000                _start
 *(.text*)
 .text.cmp_idx  0x0000000000000074       0x5c coremark/core_list_join.o
                0x0000000000000074                cmp_idx
 .text.calc_func
                0x00000000000000d0      0x134 coremark/core_list_join.o
                0x00000000000000d0                calc_func
 .text.cmp_complex
                0x0000000000000204       0x4c coremark/core_list_join.o
                0x0000000000000204                cmp_complex
 .text.core_list_mergesort
                0x0000000000000250      0x14c coremark/core_list_join.o
                0x0000000000000250                core_list_mergesort
 .text.core_bench_list
                0x000000000000039c      0x284 coremark/core_list_join.o
                0x000000000000039c                core_bench_list
 .text.core_list_init
                0x0000000000000620      0x17c coremark/core_list_join.o
                0x0000000000000620                core_list_init
 .text.coremark_div_to_fixed6.part.0
                0x000000000000079c      0x1dc coremark/core_main.o
 .text.iterate  0x0000000000000978       0x88 coremark/core_main.o
                0x0000000000000978                iterate
 .text.startup.main
                0x0000000000000a00      0x870 coremark/core_main.o
                0x0000000000000a00                main
 .text.core_init_matrix
                0x0000000000001270      0x160 coremark/core_matrix.o
                0x0000000000001270                core_init_matrix
 .text.matrix_mul_vect
                0x00000000000013d0       0x5c coremark/core_matrix.o
                0x00000000000013d0                matrix_mul_vect
 .text.matrix_mul_matrix
                0x000000000000142c       0xac coremark/core_matrix.o
                0x000000000000142c                matrix_mul_matrix
 .text.matrix_mul_matrix_bitextract
                0x00000000000014d8       0xc0 coremark/core_matrix.o
                0x00000000000014d8                matrix_mul_matrix_bitextract
 .text.matrix_test
                0x0000000000001598      0x44c coremark/core_matrix.o
                0x0000000000001598                matrix_test
 .text.core_bench_matrix
                0x00000000000019e4       0x3c coremark/core_matrix.o
                0x00000000000019e4                core_bench_matrix
 .text.core_init_state
                0x0000000000001a20      0x17c coremark/core_state.o
                0x0000000000001a20                core_init_state
 .text.core_state_transition
                0x0000000000001b9c      0x318 coremark/core_state.o
                0x0000000000001b9c                core_state_transition
 .text.core_bench_state
                0x0000000000001eb4      0x1c8 coremark/core_state.o
                0x0000000000001eb4                core_bench_state
 .text.get_seed_32
                0x000000000000207c       0x64 coremark/core_util.o
                0x000000000000207c                get_seed_32
 .text.crcu16   0x00000000000020e0       0x84 coremark/core_util.o
                0x00000000000020e0                crcu16
 .text.crcu32   0x0000000000002164      0x10c coremark/core_util.o
                0x0000000000002164                crcu32
 .text.crc16    0x0000000000002270       0x8c coremark/core_util.o
                0x0000000000002270                crc16
 .text.check_data_types
                0x00000000000022fc        0x8 coremark/core_util.o
                0x00000000000022fc                check_data_types
 .text.uart_putc_blocking.part.0
                0x0000000000002304       0x38 core_portme.o
 .text.uart_puts_blocking
                0x000000000000233c       0x8c core_portme.o
 .text.uart_put_u64.isra.0
                0x00000000000023c8      0x114 core_portme.o
 .text.uart_put_uint
                0x00000000000024dc      0x128 core_portme.o
 .text.uart_putc_blocking
                0x0000000000002604       0x58 core_portme.o
 .text.unlikely.uart_put_fixed6
                0x000000000000265c       0xbc core_portme.o
 .text.start_time
                0x0000000000002718       0x4c core_portme.o
                0x0000000000002718                start_time
 .text.stop_time
                0x0000000000002764       0x4c core_portme.o
                0x0000000000002764                stop_time
 .text.get_time
                0x00000000000027b0       0x18 core_portme.o
                0x00000000000027b0                get_time
 .text.align_mem
                0x00000000000027c8       0x14 core_portme.o
                0x00000000000027c8                align_mem
 .text.portable_init
                0x00000000000027dc       0x24 core_portme.o
                0x00000000000027dc                portable_init
 .text.coremark_set_report_iterations
                0x0000000000002800       0x1c core_portme.o
                0x0000000000002800                coremark_set_report_iterations
 .text.coremark_report
                0x000000000000281c       0xd0 core_portme.o
                0x000000000000281c                coremark_print_fixed6_line
                0x0000000000002858                coremark_print_score_line
 .text.portable_fini
                0x00000000000028ec      0x2f8 core_portme.o
                0x00000000000028ec                portable_fini
 .text.ee_printf
                0x0000000000002be4      0x64c core_portme.o
                0x0000000000002be4                ee_printf
 .text          0x0000000000003230      0x434 c:/sysgcc/risc-v/bin/../lib/gcc/riscv64-unknown-elf/10.1.0/rv32im/ilp32\libgcc.a(_udivdi3.o)
                0x0000000000003230                __udivdi3
 .text          0x0000000000003664      0x404 c:/sysgcc/risc-v/bin/../lib/gcc/riscv64-unknown-elf/10.1.0/rv32im/ilp32\libgcc.a(_umoddi3.o)
                0x0000000000003664                __umoddi3
 .text          0x0000000000003a68      0x7d8 c:/sysgcc/risc-v/bin/../lib/gcc/riscv64-unknown-elf/10.1.0/rv32im/ilp32\libgcc.a(adddf3.o)
                0x0000000000003a68                __adddf3
 .text          0x0000000000004240       0xe4 c:/sysgcc/risc-v/bin/../lib/gcc/riscv64-unknown-elf/10.1.0/rv32im/ilp32\libgcc.a(ledf2.o)
                0x0000000000004240                __ledf2
                0x0000000000004240                __ltdf2
 .text          0x0000000000004324      0x5c8 c:/sysgcc/risc-v/bin/../lib/gcc/riscv64-unknown-elf/10.1.0/rv32im/ilp32\libgcc.a(muldf3.o)
                0x0000000000004324                __muldf3
 .text          0x00000000000048ec      0x7ec c:/sysgcc/risc-v/bin/../lib/gcc/riscv64-unknown-elf/10.1.0/rv32im/ilp32\libgcc.a(subdf3.o)
                0x00000000000048ec                __subdf3
 .text          0x00000000000050d8       0x80 c:/sysgcc/risc-v/bin/../lib/gcc/riscv64-unknown-elf/10.1.0/rv32im/ilp32\libgcc.a(fixdfsi.o)
                0x00000000000050d8                __fixdfsi
 .text          0x0000000000005158       0x7c c:/sysgcc/risc-v/bin/../lib/gcc/riscv64-unknown-elf/10.1.0/rv32im/ilp32\libgcc.a(fixunsdfsi.o)
                0x0000000000005158                __fixunsdfsi
 .text          0x00000000000051d4       0xa8 c:/sysgcc/risc-v/bin/../lib/gcc/riscv64-unknown-elf/10.1.0/rv32im/ilp32\libgcc.a(floatsidf.o)
                0x00000000000051d4                __floatsidf
 .text          0x000000000000527c       0x80 c:/sysgcc/risc-v/bin/../lib/gcc/riscv64-unknown-elf/10.1.0/rv32im/ilp32\libgcc.a(floatunsidf.o)
                0x000000000000527c                __floatunsidf
 .text          0x00000000000052fc       0x4c c:/sysgcc/risc-v/bin/../lib/gcc/riscv64-unknown-elf/10.1.0/rv32im/ilp32\libgcc.a(_clzsi2.o)
                0x00000000000052fc                __clzsi2
 *(.rodata*)
 .rodata.main.str1.4
                0x0000000000005348      0x417 coremark/core_main.o
 *fill*         0x000000000000575f        0x1 
 .rodata.list_known_crc
                0x0000000000005760        0xa coremark/core_main.o
 *fill*         0x000000000000576a        0x2 
 .rodata.matrix_known_crc
                0x000000000000576c        0xa coremark/core_main.o
 *fill*         0x0000000000005776        0x2 
 .rodata.state_known_crc
                0x0000000000005778        0xa coremark/core_main.o
 *fill*         0x0000000000005782        0x2 
 .rodata.str1.4
                0x0000000000005784       0xad coremark/core_state.o
 *fill*         0x0000000000005831        0x3 
 .rodata.errpat
                0x0000000000005834       0x10 coremark/core_state.o
 .rodata.floatpat
                0x0000000000005844       0x10 coremark/core_state.o
 .rodata.intpat
                0x0000000000005854       0x10 coremark/core_state.o
 .rodata.scipat
                0x0000000000005864       0x10 coremark/core_state.o
 .rodata.get_seed_32
                0x0000000000005874       0x18 coremark/core_util.o
 .rodata.uart_puts_blocking.str1.4
                0x000000000000588c        0x7 core_portme.o
 *fill*         0x0000000000005893        0x1 
 .rodata.coremark_report.str1.4
                0x0000000000005894       0x14 core_portme.o
                                         0x63 (size before relaxing)
 .rodata.portable_fini.str1.4
                0x00000000000058a8       0x15 core_portme.o
 *fill*         0x00000000000058bd        0x3 
 .rodata.ee_printf
                0x00000000000058c0       0x84 core_portme.o
 .rodata        0x0000000000005944       0x3c c:/sysgcc/risc-v/bin/../lib/gcc/riscv64-unknown-elf/10.1.0/rv32im/ilp32\libgcc.a(muldf3.o)
 .rodata        0x0000000000005980      0x100 c:/sysgcc/risc-v/bin/../lib/gcc/riscv64-unknown-elf/10.1.0/rv32im/ilp32\libgcc.a(_clz.o)
                0x0000000000005980                __clz_tab
 *(.srodata*)
 *fill*         0x0000000000005a80        0x0 
 .srodata.cst8  0x0000000000005a80       0x18 core_portme.o
                0x0000000000005a98                . = ALIGN (0x4)
                0x0000000000005a98                _text_end = .

.rela.dyn       0x0000000000005a98        0x0
 .rela.text.start
                0x0000000000005a98        0x0 coremark/core_list_join.o

.data           0x0000000000010000        0xc load address 0x0000000000005a98
                0x0000000000010000                _data_start = .
 *(.data*)
 *(.sdata*)
 .sdata.default_num_contexts
                0x0000000000010000        0x4 core_portme.o
                0x0000000000010000                default_num_contexts
 .sdata.seed3_volatile
                0x0000000000010004        0x4 core_portme.o
                0x0000000000010004                seed3_volatile
 .sdata.seed4_volatile
                0x0000000000010008        0x4 core_portme.o
                0x0000000000010008                seed4_volatile
                0x000000000001000c                . = ALIGN (0x4)
                0x000000000001000c                _data_end = .
                0x0000000000005a98                _data_lma = LOADADDR (.data)

.bss            0x000000000001000c      0x7fc load address 0x0000000000005aa4
                0x000000000001000c                _bss_start = .
 *(.bss*)
 .bss.static_memblk
                0x000000000001000c      0x7d0 coremark/core_main.o
                0x000000000001000c                static_memblk
 *(.sbss*)
 .sbss.g_start_hi
                0x00000000000107dc        0x4 core_portme.o
 .sbss.g_start_instret_hi
                0x00000000000107e0        0x4 core_portme.o
 .sbss.g_start_instret_lo
                0x00000000000107e4        0x4 core_portme.o
 .sbss.g_start_ticks
                0x00000000000107e8        0x4 core_portme.o
 .sbss.g_stop_hi
                0x00000000000107ec        0x4 core_portme.o
 .sbss.g_stop_instret_hi
                0x00000000000107f0        0x4 core_portme.o
 .sbss.g_stop_instret_lo
                0x00000000000107f4        0x4 core_portme.o
 .sbss.g_stop_ticks
                0x00000000000107f8        0x4 core_portme.o
 .sbss.seed1_volatile
                0x00000000000107fc        0x4 core_portme.o
                0x00000000000107fc                seed1_volatile
 .sbss.seed2_volatile
                0x0000000000010800        0x4 core_portme.o
                0x0000000000010800                seed2_volatile
 .sbss.seed5_volatile
                0x0000000000010804        0x4 core_portme.o
                0x0000000000010804                seed5_volatile
 *(COMMON)
                0x0000000000010808                . = ALIGN (0x4)
                0x0000000000010808                _bss_end = .
                0x0000000000018000                _stack_top = (ORIGIN (DMEM) + LENGTH (DMEM))

/DISCARD/
 *(.eh_frame)
 *(.eh_frame_hdr)
 *(.comment)
 *(.note*)
 *(.riscv.attributes)
                0x0000000000000001                ASSERT (((_text_end + (_data_end - _data_start)) <= 0x8000), ERROR: IMEM overflow! .text + .data > 32KB)
                0x0000000000000001                ASSERT ((_bss_end <= 0x18000), ERROR: DMEM overflow! .data + .bss > 32KB)
                0x0000000000000001                ASSERT (((_stack_top - _bss_end) >= 0x1000), ERROR: Stack space < 4KB, consider reducing ITERATIONS or DMEM data)
OUTPUT(coremark.elf elf32-littleriscv)

.debug_info     0x0000000000000000     0x2f79
 .debug_info    0x0000000000000000      0x7b2 c:/sysgcc/risc-v/bin/../lib/gcc/riscv64-unknown-elf/10.1.0/rv32im/ilp32\libgcc.a(_udivdi3.o)
 .debug_info    0x00000000000007b2      0x80c c:/sysgcc/risc-v/bin/../lib/gcc/riscv64-unknown-elf/10.1.0/rv32im/ilp32\libgcc.a(_umoddi3.o)
 .debug_info    0x0000000000000fbe      0x581 c:/sysgcc/risc-v/bin/../lib/gcc/riscv64-unknown-elf/10.1.0/rv32im/ilp32\libgcc.a(adddf3.o)
 .debug_info    0x000000000000153f      0x253 c:/sysgcc/risc-v/bin/../lib/gcc/riscv64-unknown-elf/10.1.0/rv32im/ilp32\libgcc.a(ledf2.o)
 .debug_info    0x0000000000001792      0x766 c:/sysgcc/risc-v/bin/../lib/gcc/riscv64-unknown-elf/10.1.0/rv32im/ilp32\libgcc.a(muldf3.o)
 .debug_info    0x0000000000001ef8      0x581 c:/sysgcc/risc-v/bin/../lib/gcc/riscv64-unknown-elf/10.1.0/rv32im/ilp32\libgcc.a(subdf3.o)
 .debug_info    0x0000000000002479      0x1e7 c:/sysgcc/risc-v/bin/../lib/gcc/riscv64-unknown-elf/10.1.0/rv32im/ilp32\libgcc.a(fixdfsi.o)
 .debug_info    0x0000000000002660      0x1d5 c:/sysgcc/risc-v/bin/../lib/gcc/riscv64-unknown-elf/10.1.0/rv32im/ilp32\libgcc.a(fixunsdfsi.o)
 .debug_info    0x0000000000002835      0x29b c:/sysgcc/risc-v/bin/../lib/gcc/riscv64-unknown-elf/10.1.0/rv32im/ilp32\libgcc.a(floatsidf.o)
 .debug_info    0x0000000000002ad0      0x28e c:/sysgcc/risc-v/bin/../lib/gcc/riscv64-unknown-elf/10.1.0/rv32im/ilp32\libgcc.a(floatunsidf.o)
 .debug_info    0x0000000000002d5e       0xd7 c:/sysgcc/risc-v/bin/../lib/gcc/riscv64-unknown-elf/10.1.0/rv32im/ilp32\libgcc.a(_clz.o)
 .debug_info    0x0000000000002e35      0x144 c:/sysgcc/risc-v/bin/../lib/gcc/riscv64-unknown-elf/10.1.0/rv32im/ilp32\libgcc.a(_clzsi2.o)

.debug_abbrev   0x0000000000000000      0xfdd
 .debug_abbrev  0x0000000000000000      0x19d c:/sysgcc/risc-v/bin/../lib/gcc/riscv64-unknown-elf/10.1.0/rv32im/ilp32\libgcc.a(_udivdi3.o)
 .debug_abbrev  0x000000000000019d      0x1b9 c:/sysgcc/risc-v/bin/../lib/gcc/riscv64-unknown-elf/10.1.0/rv32im/ilp32\libgcc.a(_umoddi3.o)
 .debug_abbrev  0x0000000000000356      0x173 c:/sysgcc/risc-v/bin/../lib/gcc/riscv64-unknown-elf/10.1.0/rv32im/ilp32\libgcc.a(adddf3.o)
 .debug_abbrev  0x00000000000004c9      0x15e c:/sysgcc/risc-v/bin/../lib/gcc/riscv64-unknown-elf/10.1.0/rv32im/ilp32\libgcc.a(ledf2.o)
 .debug_abbrev  0x0000000000000627      0x185 c:/sysgcc/risc-v/bin/../lib/gcc/riscv64-unknown-elf/10.1.0/rv32im/ilp32\libgcc.a(muldf3.o)
 .debug_abbrev  0x00000000000007ac      0x173 c:/sysgcc/risc-v/bin/../lib/gcc/riscv64-unknown-elf/10.1.0/rv32im/ilp32\libgcc.a(subdf3.o)
 .debug_abbrev  0x000000000000091f      0x15e c:/sysgcc/risc-v/bin/../lib/gcc/riscv64-unknown-elf/10.1.0/rv32im/ilp32\libgcc.a(fixdfsi.o)
 .debug_abbrev  0x0000000000000a7d      0x15e c:/sysgcc/risc-v/bin/../lib/gcc/riscv64-unknown-elf/10.1.0/rv32im/ilp32\libgcc.a(fixunsdfsi.o)
 .debug_abbrev  0x0000000000000bdb      0x164 c:/sysgcc/risc-v/bin/../lib/gcc/riscv64-unknown-elf/10.1.0/rv32im/ilp32\libgcc.a(floatsidf.o)
 .debug_abbrev  0x0000000000000d3f      0x164 c:/sysgcc/risc-v/bin/../lib/gcc/riscv64-unknown-elf/10.1.0/rv32im/ilp32\libgcc.a(floatunsidf.o)
 .debug_abbrev  0x0000000000000ea3       0x70 c:/sysgcc/risc-v/bin/../lib/gcc/riscv64-unknown-elf/10.1.0/rv32im/ilp32\libgcc.a(_clz.o)
 .debug_abbrev  0x0000000000000f13       0xca c:/sysgcc/risc-v/bin/../lib/gcc/riscv64-unknown-elf/10.1.0/rv32im/ilp32\libgcc.a(_clzsi2.o)

.debug_loc      0x0000000000000000     0x4c3c
 .debug_loc     0x0000000000000000      0xbcd c:/sysgcc/risc-v/bin/../lib/gcc/riscv64-unknown-elf/10.1.0/rv32im/ilp32\libgcc.a(_udivdi3.o)
 .debug_loc     0x0000000000000bcd      0x930 c:/sysgcc/risc-v/bin/../lib/gcc/riscv64-unknown-elf/10.1.0/rv32im/ilp32\libgcc.a(_umoddi3.o)
 .debug_loc     0x00000000000014fd     0x11ec c:/sysgcc/risc-v/bin/../lib/gcc/riscv64-unknown-elf/10.1.0/rv32im/ilp32\libgcc.a(adddf3.o)
 .debug_loc     0x00000000000026e9      0x135 c:/sysgcc/risc-v/bin/../lib/gcc/riscv64-unknown-elf/10.1.0/rv32im/ilp32\libgcc.a(ledf2.o)
 .debug_loc     0x000000000000281e      0xd56 c:/sysgcc/risc-v/bin/../lib/gcc/riscv64-unknown-elf/10.1.0/rv32im/ilp32\libgcc.a(muldf3.o)
 .debug_loc     0x0000000000003574     0x114d c:/sysgcc/risc-v/bin/../lib/gcc/riscv64-unknown-elf/10.1.0/rv32im/ilp32\libgcc.a(subdf3.o)
 .debug_loc     0x00000000000046c1      0x181 c:/sysgcc/risc-v/bin/../lib/gcc/riscv64-unknown-elf/10.1.0/rv32im/ilp32\libgcc.a(fixdfsi.o)
 .debug_loc     0x0000000000004842       0xe7 c:/sysgcc/risc-v/bin/../lib/gcc/riscv64-unknown-elf/10.1.0/rv32im/ilp32\libgcc.a(fixunsdfsi.o)
 .debug_loc     0x0000000000004929      0x159 c:/sysgcc/risc-v/bin/../lib/gcc/riscv64-unknown-elf/10.1.0/rv32im/ilp32\libgcc.a(floatsidf.o)
 .debug_loc     0x0000000000004a82      0x14f c:/sysgcc/risc-v/bin/../lib/gcc/riscv64-unknown-elf/10.1.0/rv32im/ilp32\libgcc.a(floatunsidf.o)
 .debug_loc     0x0000000000004bd1       0x6b c:/sysgcc/risc-v/bin/../lib/gcc/riscv64-unknown-elf/10.1.0/rv32im/ilp32\libgcc.a(_clzsi2.o)

.debug_aranges  0x0000000000000000      0x178
 .debug_aranges
                0x0000000000000000       0x20 c:/sysgcc/risc-v/bin/../lib/gcc/riscv64-unknown-elf/10.1.0/rv32im/ilp32\libgcc.a(_udivdi3.o)
 .debug_aranges
                0x0000000000000020       0x20 c:/sysgcc/risc-v/bin/../lib/gcc/riscv64-unknown-elf/10.1.0/rv32im/ilp32\libgcc.a(_umoddi3.o)
 .debug_aranges
                0x0000000000000040       0x20 c:/sysgcc/risc-v/bin/../lib/gcc/riscv64-unknown-elf/10.1.0/rv32im/ilp32\libgcc.a(adddf3.o)
 .debug_aranges
                0x0000000000000060       0x20 c:/sysgcc/risc-v/bin/../lib/gcc/riscv64-unknown-elf/10.1.0/rv32im/ilp32\libgcc.a(ledf2.o)
 .debug_aranges
                0x0000000000000080       0x20 c:/sysgcc/risc-v/bin/../lib/gcc/riscv64-unknown-elf/10.1.0/rv32im/ilp32\libgcc.a(muldf3.o)
 .debug_aranges
                0x00000000000000a0       0x20 c:/sysgcc/risc-v/bin/../lib/gcc/riscv64-unknown-elf/10.1.0/rv32im/ilp32\libgcc.a(subdf3.o)
 .debug_aranges
                0x00000000000000c0       0x20 c:/sysgcc/risc-v/bin/../lib/gcc/riscv64-unknown-elf/10.1.0/rv32im/ilp32\libgcc.a(fixdfsi.o)
 .debug_aranges
                0x00000000000000e0       0x20 c:/sysgcc/risc-v/bin/../lib/gcc/riscv64-unknown-elf/10.1.0/rv32im/ilp32\libgcc.a(fixunsdfsi.o)
 .debug_aranges
                0x0000000000000100       0x20 c:/sysgcc/risc-v/bin/../lib/gcc/riscv64-unknown-elf/10.1.0/rv32im/ilp32\libgcc.a(floatsidf.o)
 .debug_aranges
                0x0000000000000120       0x20 c:/sysgcc/risc-v/bin/../lib/gcc/riscv64-unknown-elf/10.1.0/rv32im/ilp32\libgcc.a(floatunsidf.o)
 .debug_aranges
                0x0000000000000140       0x18 c:/sysgcc/risc-v/bin/../lib/gcc/riscv64-unknown-elf/10.1.0/rv32im/ilp32\libgcc.a(_clz.o)
 .debug_aranges
                0x0000000000000158       0x20 c:/sysgcc/risc-v/bin/../lib/gcc/riscv64-unknown-elf/10.1.0/rv32im/ilp32\libgcc.a(_clzsi2.o)

.debug_ranges   0x0000000000000000      0x9c8
 .debug_ranges  0x0000000000000000       0xf8 c:/sysgcc/risc-v/bin/../lib/gcc/riscv64-unknown-elf/10.1.0/rv32im/ilp32\libgcc.a(_udivdi3.o)
 .debug_ranges  0x00000000000000f8       0xd8 c:/sysgcc/risc-v/bin/../lib/gcc/riscv64-unknown-elf/10.1.0/rv32im/ilp32\libgcc.a(_umoddi3.o)
 .debug_ranges  0x00000000000001d0      0x248 c:/sysgcc/risc-v/bin/../lib/gcc/riscv64-unknown-elf/10.1.0/rv32im/ilp32\libgcc.a(adddf3.o)
 .debug_ranges  0x0000000000000418       0x50 c:/sysgcc/risc-v/bin/../lib/gcc/riscv64-unknown-elf/10.1.0/rv32im/ilp32\libgcc.a(ledf2.o)
 .debug_ranges  0x0000000000000468      0x1e0 c:/sysgcc/risc-v/bin/../lib/gcc/riscv64-unknown-elf/10.1.0/rv32im/ilp32\libgcc.a(muldf3.o)
 .debug_ranges  0x0000000000000648      0x250 c:/sysgcc/risc-v/bin/../lib/gcc/riscv64-unknown-elf/10.1.0/rv32im/ilp32\libgcc.a(subdf3.o)
 .debug_ranges  0x0000000000000898       0x18 c:/sysgcc/risc-v/bin/../lib/gcc/riscv64-unknown-elf/10.1.0/rv32im/ilp32\libgcc.a(fixdfsi.o)
 .debug_ranges  0x00000000000008b0       0x20 c:/sysgcc/risc-v/bin/../lib/gcc/riscv64-unknown-elf/10.1.0/rv32im/ilp32\libgcc.a(fixunsdfsi.o)
 .debug_ranges  0x00000000000008d0       0x68 c:/sysgcc/risc-v/bin/../lib/gcc/riscv64-unknown-elf/10.1.0/rv32im/ilp32\libgcc.a(floatsidf.o)
 .debug_ranges  0x0000000000000938       0x70 c:/sysgcc/risc-v/bin/../lib/gcc/riscv64-unknown-elf/10.1.0/rv32im/ilp32\libgcc.a(floatunsidf.o)
 .debug_ranges  0x00000000000009a8       0x20 c:/sysgcc/risc-v/bin/../lib/gcc/riscv64-unknown-elf/10.1.0/rv32im/ilp32\libgcc.a(_clzsi2.o)

.debug_line     0x0000000000000000     0x4b06
 .debug_line    0x0000000000000000      0x764 c:/sysgcc/risc-v/bin/../lib/gcc/riscv64-unknown-elf/10.1.0/rv32im/ilp32\libgcc.a(_udivdi3.o)
 .debug_line    0x0000000000000764      0x808 c:/sysgcc/risc-v/bin/../lib/gcc/riscv64-unknown-elf/10.1.0/rv32im/ilp32\libgcc.a(_umoddi3.o)
 .debug_line    0x0000000000000f6c     0x1028 c:/sysgcc/risc-v/bin/../lib/gcc/riscv64-unknown-elf/10.1.0/rv32im/ilp32\libgcc.a(adddf3.o)
 .debug_line    0x0000000000001f94      0x2fa c:/sysgcc/risc-v/bin/../lib/gcc/riscv64-unknown-elf/10.1.0/rv32im/ilp32\libgcc.a(ledf2.o)
 .debug_line    0x000000000000228e      0xdba c:/sysgcc/risc-v/bin/../lib/gcc/riscv64-unknown-elf/10.1.0/rv32im/ilp32\libgcc.a(muldf3.o)
 .debug_line    0x0000000000003048     0x108d c:/sysgcc/risc-v/bin/../lib/gcc/riscv64-unknown-elf/10.1.0/rv32im/ilp32\libgcc.a(subdf3.o)
 .debug_line    0x00000000000040d5      0x229 c:/sysgcc/risc-v/bin/../lib/gcc/riscv64-unknown-elf/10.1.0/rv32im/ilp32\libgcc.a(fixdfsi.o)
 .debug_line    0x00000000000042fe      0x1ba c:/sysgcc/risc-v/bin/../lib/gcc/riscv64-unknown-elf/10.1.0/rv32im/ilp32\libgcc.a(fixunsdfsi.o)
 .debug_line    0x00000000000044b8      0x263 c:/sysgcc/risc-v/bin/../lib/gcc/riscv64-unknown-elf/10.1.0/rv32im/ilp32\libgcc.a(floatsidf.o)
 .debug_line    0x000000000000471b      0x283 c:/sysgcc/risc-v/bin/../lib/gcc/riscv64-unknown-elf/10.1.0/rv32im/ilp32\libgcc.a(floatunsidf.o)
 .debug_line    0x000000000000499e       0x6e c:/sysgcc/risc-v/bin/../lib/gcc/riscv64-unknown-elf/10.1.0/rv32im/ilp32\libgcc.a(_clz.o)
 .debug_line    0x0000000000004a0c       0xfa c:/sysgcc/risc-v/bin/../lib/gcc/riscv64-unknown-elf/10.1.0/rv32im/ilp32\libgcc.a(_clzsi2.o)

.debug_str      0x0000000000000000      0x994
 .debug_str     0x0000000000000000      0x286 c:/sysgcc/risc-v/bin/../lib/gcc/riscv64-unknown-elf/10.1.0/rv32im/ilp32\libgcc.a(_udivdi3.o)
                                        0x2e6 (size before relaxing)
 .debug_str     0x0000000000000286        0xa c:/sysgcc/risc-v/bin/../lib/gcc/riscv64-unknown-elf/10.1.0/rv32im/ilp32\libgcc.a(_umoddi3.o)
                                        0x2e6 (size before relaxing)
 .debug_str     0x0000000000000290      0x25a c:/sysgcc/risc-v/bin/../lib/gcc/riscv64-unknown-elf/10.1.0/rv32im/ilp32\libgcc.a(adddf3.o)
                                        0x341 (size before relaxing)
 .debug_str     0x00000000000004ea       0x92 c:/sysgcc/risc-v/bin/../lib/gcc/riscv64-unknown-elf/10.1.0/rv32im/ilp32\libgcc.a(ledf2.o)
                                        0x276 (size before relaxing)
 .debug_str     0x000000000000057c      0x229 c:/sysgcc/risc-v/bin/../lib/gcc/riscv64-unknown-elf/10.1.0/rv32im/ilp32\libgcc.a(muldf3.o)
                                        0x45b (size before relaxing)
 .debug_str     0x00000000000007a5       0x51 c:/sysgcc/risc-v/bin/../lib/gcc/riscv64-unknown-elf/10.1.0/rv32im/ilp32\libgcc.a(subdf3.o)
                                        0x341 (size before relaxing)
 .debug_str     0x00000000000007f6       0x66 c:/sysgcc/risc-v/bin/../lib/gcc/riscv64-unknown-elf/10.1.0/rv32im/ilp32\libgcc.a(fixdfsi.o)
                                        0x24f (size before relaxing)
 .debug_str     0x000000000000085c       0x59 c:/sysgcc/risc-v/bin/../lib/gcc/riscv64-unknown-elf/10.1.0/rv32im/ilp32\libgcc.a(fixunsdfsi.o)
                                        0x24e (size before relaxing)
 .debug_str     0x00000000000008b5       0x84 c:/sysgcc/risc-v/bin/../lib/gcc/riscv64-unknown-elf/10.1.0/rv32im/ilp32\libgcc.a(floatsidf.o)
                                        0x2ee (size before relaxing)
 .debug_str     0x0000000000000939       0x5b c:/sysgcc/risc-v/bin/../lib/gcc/riscv64-unknown-elf/10.1.0/rv32im/ilp32\libgcc.a(floatunsidf.o)
                                        0x2eb (size before relaxing)
 .debug_str     0x0000000000000994      0x22d c:/sysgcc/risc-v/bin/../lib/gcc/riscv64-unknown-elf/10.1.0/rv32im/ilp32\libgcc.a(_clz.o)
 .debug_str     0x0000000000000994      0x24a c:/sysgcc/risc-v/bin/../lib/gcc/riscv64-unknown-elf/10.1.0/rv32im/ilp32\libgcc.a(_clzsi2.o)

.debug_frame    0x0000000000000000      0x1c8
 .debug_frame   0x0000000000000000       0x44 c:/sysgcc/risc-v/bin/../lib/gcc/riscv64-unknown-elf/10.1.0/rv32im/ilp32\libgcc.a(adddf3.o)
 .debug_frame   0x0000000000000044       0x20 c:/sysgcc/risc-v/bin/../lib/gcc/riscv64-unknown-elf/10.1.0/rv32im/ilp32\libgcc.a(ledf2.o)
 .debug_frame   0x0000000000000064       0x54 c:/sysgcc/risc-v/bin/../lib/gcc/riscv64-unknown-elf/10.1.0/rv32im/ilp32\libgcc.a(muldf3.o)
 .debug_frame   0x00000000000000b8       0x44 c:/sysgcc/risc-v/bin/../lib/gcc/riscv64-unknown-elf/10.1.0/rv32im/ilp32\libgcc.a(subdf3.o)
 .debug_frame   0x00000000000000fc       0x20 c:/sysgcc/risc-v/bin/../lib/gcc/riscv64-unknown-elf/10.1.0/rv32im/ilp32\libgcc.a(fixdfsi.o)
 .debug_frame   0x000000000000011c       0x20 c:/sysgcc/risc-v/bin/../lib/gcc/riscv64-unknown-elf/10.1.0/rv32im/ilp32\libgcc.a(fixunsdfsi.o)
 .debug_frame   0x000000000000013c       0x38 c:/sysgcc/risc-v/bin/../lib/gcc/riscv64-unknown-elf/10.1.0/rv32im/ilp32\libgcc.a(floatsidf.o)
 .debug_frame   0x0000000000000174       0x34 c:/sysgcc/risc-v/bin/../lib/gcc/riscv64-unknown-elf/10.1.0/rv32im/ilp32\libgcc.a(floatunsidf.o)
 .debug_frame   0x00000000000001a8       0x20 c:/sysgcc/risc-v/bin/../lib/gcc/riscv64-unknown-elf/10.1.0/rv32im/ilp32\libgcc.a(_clzsi2.o)
